2026-07-27 12:54:51 | WARNING  | File/directory already exists, content is overwritten (overwriting is turned on): /home/elif/msthesis/weeks/8th_week/nb_target_check/sen/pool_100/seqwin-out
2026-07-27 12:54:51 | INFO     | Running Seqwin v0.4.1
2026-07-27 12:54:51 | INFO     | Run configurations saved as /home/elif/msthesis/weeks/8th_week/nb_target_check/sen/pool_100/seqwin-out/config.json
2026-07-27 12:54:51 | INFO     | Found 82 assemblies from /home/elif/msthesis/weeks/8th_week/nb_target_check/sen/pool_100/targets
2026-07-27 12:54:51 | INFO     | Found 18 assemblies from /home/elif/msthesis/weeks/8th_week/nb_target_check/sen/pool_100/neighbors
2026-07-27 12:54:51 | INFO     | Loaded 82 target assemblies and 18 non-target assemblies, 100 in total.
2026-07-27 12:54:51 | INFO     | Assembly indices and paths saved as /home/elif/msthesis/weeks/8th_week/nb_target_check/sen/pool_100/seqwin-out/assemblies.csv
2026-07-27 12:54:51 | INFO     | Building minimizer graph from 100 assemblies...
2026-07-27 12:54:52 | INFO     |  - Merging from 4 threads...
2026-07-27 12:54:52 | INFO     |  - Found 4797534 minimizers
2026-07-27 12:54:52 | INFO     |  - Found 402593 nodes (unique minimizers)
2026-07-27 12:54:52 | INFO     |  - Found 596515 weighted edges
2026-07-27 12:54:52 | INFO     |  - Finished in 0:00:01.418269
2026-07-27 12:54:52 | INFO     | Calculating penalty threshold...
2026-07-27 12:54:52 | INFO     |  - Generating MinHash sketches with Mash for 100 assemblies...
2026-07-27 12:54:54 | INFO     |  - Mash sketch file saved as /home/elif/msthesis/weeks/8th_week/nb_target_check/sen/pool_100/seqwin-out/sketches.msh
2026-07-27 12:54:54 | INFO     |  - Calculating Jaccard indices of assembly pairs...
2026-07-27 12:54:54 | INFO     |  - expected k-mer absence in targets: 0.25611
2026-07-27 12:54:54 | INFO     |  - expected k-mer presence in non-targets: 0.34987
2026-07-27 12:54:54 | INFO     |  - calculated penalty threshold: 0.14967
2026-07-27 12:54:54 | INFO     |  - Finished in 0:00:01.625688
2026-07-27 12:54:54 | INFO     | Extracting low-penalty subgraphs from the k-mer graph...
2026-07-27 12:54:54 | INFO     |  - Subgraph size limit is set to [3, 100]
2026-07-27 12:54:54 | INFO     |  - Filtering graph edges and nodes...
2026-07-27 12:54:54 | INFO     |  - Removed 536413 edges with weight<20.918, 60102 edges left
2026-07-27 12:54:54 | INFO     |  - Removed 345927 isolated nodes, 56666 nodes left
2026-07-27 12:54:54 | INFO     |  - Building graph...
2026-07-27 12:54:54 | INFO     |  - Expanding subgraphs from 7544 seed nodes (penalty<=0.14967)...
2026-07-27 12:54:54 | INFO     |  - Found 918 low-penalty subgraphs
2026-07-27 12:54:54 | INFO     |  - Removing k-mers not included in any of the subgraphs...
2026-07-27 12:54:54 | INFO     |  - 330385 k-mers left
2026-07-27 12:54:54 | INFO     |  - Finished in 0:00:00.176481
2026-07-27 12:54:54 | INFO     | Finding a representative for each low-penalty subgraph...
2026-07-27 12:54:54 | INFO     |  - Processing each subgraph...
2026-07-27 12:54:55 | INFO     |  - Found 733 candidate signatures
2026-07-27 12:54:55 | INFO     |  - Fetching the representative sequence for each candidate...
2026-07-27 12:54:56 | INFO     |  - 18 assemblies to be loaded
2026-07-27 12:54:56 | INFO     |  - Finished in 0:00:01.455703
2026-07-27 12:54:56 | INFO     | Evaluating candidate signatures with BLAST...
2026-07-27 12:54:56 | INFO     | Creating a BLAST database of all assemblies...
2026-07-27 12:54:58 | INFO     |  - BLAST database created: /home/elif/msthesis/weeks/8th_week/nb_target_check/sen/pool_100/seqwin-out/blastdb/all
2026-07-27 12:54:58 | INFO     |  - Finished in 0:00:02.551177
2026-07-27 12:54:58 | INFO     | BLAST checking signatures against all assemblies (more sensitive but slower)...
2026-07-27 12:54:58 | INFO     |  - Running blastn on 733 sequences, with batch size of 1000 (threads=4)...
2026-07-27 12:54:58 | INFO     |  - 0/733
2026-07-27 12:55:22 | INFO     |  - Formatting BLAST output...
2026-07-27 12:55:22 | INFO     |  - Evaluating each signature...
2026-07-27 12:55:22 | INFO     |  - Finished in 0:00:24.082439
2026-07-27 12:55:22 | INFO     | Candidate signatures saved as /home/elif/msthesis/weeks/8th_week/nb_target_check/sen/pool_100/seqwin-out/signatures.fasta
2026-07-27 12:55:22 | INFO     | Metrics of candidate signatures saved as /home/elif/msthesis/weeks/8th_week/nb_target_check/sen/pool_100/seqwin-out/signatures.csv
2026-07-27 12:55:23 | INFO     | Run instance (includes all run data) saved as /home/elif/msthesis/weeks/8th_week/nb_target_check/sen/pool_100/seqwin-out/results.seqwin
