2026-07-27 12:34:40 | WARNING  | File/directory already exists, content is overwritten (overwriting is turned on): /home/elif/msthesis/weeks/8th_week/nb_target_check/clo/pool_100/seqwin-out
2026-07-27 12:34:40 | INFO     | Running Seqwin v0.4.1
2026-07-27 12:34:40 | INFO     | Run configurations saved as /home/elif/msthesis/weeks/8th_week/nb_target_check/clo/pool_100/seqwin-out/config.json
2026-07-27 12:34:40 | INFO     | Found 79 assemblies from /home/elif/msthesis/weeks/8th_week/nb_target_check/clo/pool_100/targets
2026-07-27 12:34:40 | INFO     | Found 21 assemblies from /home/elif/msthesis/weeks/8th_week/nb_target_check/clo/pool_100/neighbors
2026-07-27 12:34:40 | INFO     | Loaded 79 target assemblies and 21 non-target assemblies, 100 in total.
2026-07-27 12:34:40 | INFO     | Assembly indices and paths saved as /home/elif/msthesis/weeks/8th_week/nb_target_check/clo/pool_100/seqwin-out/assemblies.csv
2026-07-27 12:34:40 | INFO     | Building minimizer graph from 100 assemblies...
2026-07-27 12:34:41 | INFO     |  - Merging from 4 threads...
2026-07-27 12:34:41 | INFO     |  - Found 3823862 minimizers
2026-07-27 12:34:41 | INFO     |  - Found 689717 nodes (unique minimizers)
2026-07-27 12:34:41 | INFO     |  - Found 801808 weighted edges
2026-07-27 12:34:41 | INFO     |  - Finished in 0:00:01.220719
2026-07-27 12:34:41 | INFO     | Calculating penalty threshold...
2026-07-27 12:34:41 | INFO     |  - Generating MinHash sketches with Mash for 100 assemblies...
2026-07-27 12:34:42 | INFO     |  - Mash sketch file saved as /home/elif/msthesis/weeks/8th_week/nb_target_check/clo/pool_100/seqwin-out/sketches.msh
2026-07-27 12:34:42 | INFO     |  - Calculating Jaccard indices of assembly pairs...
2026-07-27 12:34:43 | INFO     |  - expected k-mer absence in targets: 0.29956
2026-07-27 12:34:43 | INFO     |  - expected k-mer presence in non-targets: 0.00571
2026-07-27 12:34:43 | INFO     |  - calculated penalty threshold: 0.02068
2026-07-27 12:34:43 | INFO     |  - Finished in 0:00:01.347255
2026-07-27 12:34:43 | INFO     | Extracting low-penalty subgraphs from the k-mer graph...
2026-07-27 12:34:43 | INFO     |  - Subgraph size limit is set to [3, 100]
2026-07-27 12:34:43 | INFO     |  - Filtering graph edges and nodes...
2026-07-27 12:34:43 | INFO     |  - Removed 761413 edges with weight<23.210, 40395 edges left
2026-07-27 12:34:43 | INFO     |  - Removed 649454 isolated nodes, 40263 nodes left
2026-07-27 12:34:43 | INFO     |  - Building graph...
2026-07-27 12:34:43 | INFO     |  - Expanding subgraphs from 1710 seed nodes (penalty<=0.02068)...
2026-07-27 12:34:43 | INFO     |  - Found 134 low-penalty subgraphs
2026-07-27 12:34:43 | INFO     |  - Removing k-mers not included in any of the subgraphs...
2026-07-27 12:34:43 | INFO     |  - 43138 k-mers left
2026-07-27 12:34:43 | INFO     |  - Finished in 0:00:00.118203
2026-07-27 12:34:43 | INFO     | Finding a representative for each low-penalty subgraph...
2026-07-27 12:34:43 | INFO     |  - Processing each subgraph...
2026-07-27 12:34:43 | INFO     |  - Found 111 candidate signatures
2026-07-27 12:34:43 | INFO     |  - Fetching the representative sequence for each candidate...
2026-07-27 12:34:43 | INFO     |  - 3 assemblies to be loaded
2026-07-27 12:34:43 | INFO     |  - Finished in 0:00:00.282983
2026-07-27 12:34:43 | INFO     | Evaluating candidate signatures with BLAST...
2026-07-27 12:34:43 | INFO     | Creating a BLAST database of all assemblies...
2026-07-27 12:34:45 | INFO     |  - BLAST database created: /home/elif/msthesis/weeks/8th_week/nb_target_check/clo/pool_100/seqwin-out/blastdb/all
2026-07-27 12:34:45 | INFO     |  - Finished in 0:00:02.386032
2026-07-27 12:34:45 | INFO     | BLAST checking signatures against all assemblies (more sensitive but slower)...
2026-07-27 12:34:45 | INFO     |  - Running blastn on 111 sequences, with batch size of 1000 (threads=4)...
2026-07-27 12:34:45 | INFO     |  - 0/111
2026-07-27 12:34:53 | INFO     |  - Formatting BLAST output...
2026-07-27 12:34:53 | INFO     |  - Evaluating each signature...
2026-07-27 12:34:53 | INFO     |  - Finished in 0:00:07.562643
2026-07-27 12:34:53 | INFO     | Candidate signatures saved as /home/elif/msthesis/weeks/8th_week/nb_target_check/clo/pool_100/seqwin-out/signatures.fasta
2026-07-27 12:34:53 | INFO     | Metrics of candidate signatures saved as /home/elif/msthesis/weeks/8th_week/nb_target_check/clo/pool_100/seqwin-out/signatures.csv
2026-07-27 12:34:53 | INFO     | Run instance (includes all run data) saved as /home/elif/msthesis/weeks/8th_week/nb_target_check/clo/pool_100/seqwin-out/results.seqwin
