2026-08-14 16:19:53 | WARNING  | File/directory already exists, content is overwritten (overwriting is turned on): /home/elif/msthesis/weeks/11th_week/6strain_ecoli/b2/seqwin-out
2026-08-14 16:19:53 | INFO     | Running Seqwin v0.4.1
2026-08-14 16:19:53 | INFO     | Run configurations saved as /home/elif/msthesis/weeks/11th_week/6strain_ecoli/b2/seqwin-out/config.json
2026-08-14 16:19:53 | INFO     | Found 5 assemblies from /home/elif/msthesis/weeks/11th_week/6strain_ecoli/b2/targets
2026-08-14 16:19:53 | INFO     | Found 28 assemblies from /home/elif/msthesis/weeks/11th_week/6strain_ecoli/b2/neighbors
2026-08-14 16:19:53 | INFO     | Loaded 5 target assemblies and 28 non-target assemblies, 33 in total.
2026-08-14 16:19:53 | INFO     | Assembly indices and paths saved as /home/elif/msthesis/weeks/11th_week/6strain_ecoli/b2/seqwin-out/assemblies.csv
2026-08-14 16:19:53 | INFO     | Building minimizer graph from 33 assemblies...
2026-08-14 16:19:53 | INFO     |  - Merging from 4 threads...
2026-08-14 16:19:54 | INFO     |  - Found 1699170 minimizers
2026-08-14 16:19:54 | INFO     |  - Found 259440 nodes (unique minimizers)
2026-08-14 16:19:54 | INFO     |  - Found 392624 weighted edges
2026-08-14 16:19:54 | INFO     |  - Finished in 0:00:00.545199
2026-08-14 16:19:54 | INFO     | Calculating penalty threshold...
2026-08-14 16:19:54 | INFO     |  - Generating MinHash sketches with Mash for 33 assemblies...
2026-08-14 16:19:54 | INFO     |  - Mash sketch file saved as /home/elif/msthesis/weeks/11th_week/6strain_ecoli/b2/seqwin-out/sketches.msh
2026-08-14 16:19:54 | INFO     |  - Calculating Jaccard indices of assembly pairs...
2026-08-14 16:19:54 | INFO     |  - expected k-mer absence in targets: 0.19613
2026-08-14 16:19:54 | INFO     |  - expected k-mer presence in non-targets: 0.49962
2026-08-14 16:19:54 | INFO     |  - calculated penalty threshold: 0.15652
2026-08-14 16:19:54 | INFO     |  - Finished in 0:00:00.646442
2026-08-14 16:19:54 | INFO     | Extracting low-penalty subgraphs from the k-mer graph...
2026-08-14 16:19:54 | INFO     |  - Subgraph size limit is set to [3, 100]
2026-08-14 16:19:54 | INFO     |  - Filtering graph edges and nodes...
2026-08-14 16:19:54 | INFO     |  - Removed 188222 edges with weight<1.265, 204402 edges left
2026-08-14 16:19:54 | INFO     |  - Removed 107527 isolated nodes, 151913 nodes left
2026-08-14 16:19:54 | INFO     |  - Building graph...
2026-08-14 16:19:55 | INFO     |  - Expanding subgraphs from 6051 seed nodes (penalty<=0.15652)...
2026-08-14 16:19:55 | INFO     |  - Found 770 low-penalty subgraphs
2026-08-14 16:19:55 | INFO     |  - Removing k-mers not included in any of the subgraphs...
2026-08-14 16:19:55 | INFO     |  - 28786 k-mers left
2026-08-14 16:19:55 | INFO     |  - Finished in 0:00:00.534184
2026-08-14 16:19:55 | INFO     | Finding a representative for each low-penalty subgraph...
2026-08-14 16:19:55 | INFO     |  - Processing each subgraph...
2026-08-14 16:19:56 | INFO     |  - Found 633 candidate signatures
2026-08-14 16:19:56 | INFO     |  - Fetching the representative sequence for each candidate...
2026-08-14 16:19:56 | INFO     |  - 4 assemblies to be loaded
2026-08-14 16:19:56 | INFO     |  - Finished in 0:00:01.321158
2026-08-14 16:19:56 | INFO     | Evaluating candidate signatures with BLAST...
2026-08-14 16:19:56 | INFO     | Creating a BLAST database of all assemblies...
2026-08-14 16:19:57 | INFO     |  - BLAST database created: /home/elif/msthesis/weeks/11th_week/6strain_ecoli/b2/seqwin-out/blastdb/all
2026-08-14 16:19:57 | INFO     |  - Finished in 0:00:01.011560
2026-08-14 16:19:57 | INFO     | BLAST checking signatures against all assemblies (more sensitive but slower)...
2026-08-14 16:19:57 | INFO     |  - Running blastn on 633 sequences, with batch size of 1000 (threads=4)...
2026-08-14 16:19:57 | INFO     |  - 0/633
2026-08-14 16:20:11 | INFO     |  - Formatting BLAST output...
2026-08-14 16:20:11 | INFO     |  - Evaluating each signature...
2026-08-14 16:20:11 | INFO     |  - Finished in 0:00:13.802227
2026-08-14 16:20:11 | INFO     | Candidate signatures saved as /home/elif/msthesis/weeks/11th_week/6strain_ecoli/b2/seqwin-out/signatures.fasta
2026-08-14 16:20:11 | INFO     | Metrics of candidate signatures saved as /home/elif/msthesis/weeks/11th_week/6strain_ecoli/b2/seqwin-out/signatures.csv
2026-08-14 16:20:12 | INFO     | Run instance (includes all run data) saved as /home/elif/msthesis/weeks/11th_week/6strain_ecoli/b2/seqwin-out/results.seqwin
