2026-08-14 16:12:32 | INFO     | Running Seqwin v0.4.1
2026-08-14 16:12:32 | INFO     | Run configurations saved as /home/elif/msthesis/weeks/11th_week/6strain_ecoli/e/seqwin-out/config.json
2026-08-14 16:12:32 | INFO     | Found 4 assemblies from /home/elif/msthesis/weeks/11th_week/6strain_ecoli/e/targets
2026-08-14 16:12:32 | INFO     | Found 29 assemblies from /home/elif/msthesis/weeks/11th_week/6strain_ecoli/e/neighbors
2026-08-14 16:12:32 | INFO     | Loaded 4 target assemblies and 29 non-target assemblies, 33 in total.
2026-08-14 16:12:32 | INFO     | Assembly indices and paths saved as /home/elif/msthesis/weeks/11th_week/6strain_ecoli/e/seqwin-out/assemblies.csv
2026-08-14 16:12:32 | INFO     | Building minimizer graph from 33 assemblies...
2026-08-14 16:12:32 | INFO     |  - Merging from 4 threads...
2026-08-14 16:12:32 | INFO     |  - Found 1699170 minimizers
2026-08-14 16:12:32 | INFO     |  - Found 259440 nodes (unique minimizers)
2026-08-14 16:12:32 | INFO     |  - Found 392624 weighted edges
2026-08-14 16:12:32 | INFO     |  - Finished in 0:00:00.556801
2026-08-14 16:12:32 | INFO     | Calculating penalty threshold...
2026-08-14 16:12:32 | INFO     |  - Generating MinHash sketches with Mash for 33 assemblies...
2026-08-14 16:12:33 | INFO     |  - Mash sketch file saved as /home/elif/msthesis/weeks/11th_week/6strain_ecoli/e/seqwin-out/sketches.msh
2026-08-14 16:12:33 | INFO     |  - Calculating Jaccard indices of assembly pairs...
2026-08-14 16:12:33 | INFO     |  - expected k-mer absence in targets: 0.16937
2026-08-14 16:12:33 | INFO     |  - expected k-mer presence in non-targets: 0.57427
2026-08-14 16:12:33 | INFO     |  - calculated penalty threshold: 0.15594
2026-08-14 16:12:33 | INFO     |  - Finished in 0:00:00.678223
2026-08-14 16:12:33 | INFO     | Extracting low-penalty subgraphs from the k-mer graph...
2026-08-14 16:12:33 | INFO     |  - Subgraph size limit is set to [3, 100]
2026-08-14 16:12:33 | INFO     |  - Filtering graph edges and nodes...
2026-08-14 16:12:33 | INFO     |  - Removed 188222 edges with weight<1.013, 204402 edges left
2026-08-14 16:12:33 | INFO     |  - Removed 107527 isolated nodes, 151913 nodes left
2026-08-14 16:12:33 | INFO     |  - Building graph...
2026-08-14 16:12:33 | INFO     |  - Expanding subgraphs from 2559 seed nodes (penalty<=0.15594)...
2026-08-14 16:12:34 | INFO     |  - Found 268 low-penalty subgraphs
2026-08-14 16:12:34 | INFO     |  - Removing k-mers not included in any of the subgraphs...
2026-08-14 16:12:34 | INFO     |  - 9550 k-mers left
2026-08-14 16:12:34 | INFO     |  - Finished in 0:00:00.524730
2026-08-14 16:12:34 | INFO     | Finding a representative for each low-penalty subgraph...
2026-08-14 16:12:34 | INFO     |  - Processing each subgraph...
2026-08-14 16:12:34 | INFO     |  - Found 201 candidate signatures
2026-08-14 16:12:34 | INFO     |  - Fetching the representative sequence for each candidate...
2026-08-14 16:12:34 | INFO     |  - 3 assemblies to be loaded
2026-08-14 16:12:34 | INFO     |  - Finished in 0:00:00.522448
2026-08-14 16:12:34 | INFO     | Evaluating candidate signatures with BLAST...
2026-08-14 16:12:34 | INFO     | Creating a BLAST database of all assemblies...
2026-08-14 16:12:35 | INFO     |  - BLAST database created: /home/elif/msthesis/weeks/11th_week/6strain_ecoli/e/seqwin-out/blastdb/all
2026-08-14 16:12:35 | INFO     |  - Finished in 0:00:00.996834
2026-08-14 16:12:35 | INFO     | BLAST checking signatures against all assemblies (more sensitive but slower)...
2026-08-14 16:12:35 | INFO     |  - Running blastn on 201 sequences, with batch size of 1000 (threads=4)...
2026-08-14 16:12:35 | INFO     |  - 0/201
2026-08-14 16:12:41 | INFO     |  - Formatting BLAST output...
2026-08-14 16:12:41 | INFO     |  - Evaluating each signature...
2026-08-14 16:12:41 | INFO     |  - Finished in 0:00:05.856249
2026-08-14 16:12:41 | INFO     | Candidate signatures saved as /home/elif/msthesis/weeks/11th_week/6strain_ecoli/e/seqwin-out/signatures.fasta
2026-08-14 16:12:41 | INFO     | Metrics of candidate signatures saved as /home/elif/msthesis/weeks/11th_week/6strain_ecoli/e/seqwin-out/signatures.csv
2026-08-14 16:12:42 | INFO     | Run instance (includes all run data) saved as /home/elif/msthesis/weeks/11th_week/6strain_ecoli/e/seqwin-out/results.seqwin
2026-08-14 16:20:48 | INFO     | Running Seqwin v0.4.1
2026-08-14 16:20:48 | INFO     | Run configurations saved as /home/elif/msthesis/weeks/11th_week/6strain_ecoli/e/seqwin-out/config.json
2026-08-14 16:20:48 | INFO     | Found 4 assemblies from /home/elif/msthesis/weeks/11th_week/6strain_ecoli/e/targets
2026-08-14 16:20:48 | INFO     | Found 29 assemblies from /home/elif/msthesis/weeks/11th_week/6strain_ecoli/e/neighbors
2026-08-14 16:20:48 | INFO     | Loaded 4 target assemblies and 29 non-target assemblies, 33 in total.
2026-08-14 16:20:48 | INFO     | Assembly indices and paths saved as /home/elif/msthesis/weeks/11th_week/6strain_ecoli/e/seqwin-out/assemblies.csv
2026-08-14 16:20:48 | INFO     | Building minimizer graph from 33 assemblies...
2026-08-14 16:20:48 | INFO     |  - Merging from 4 threads...
2026-08-14 16:20:48 | INFO     |  - Found 1699170 minimizers
2026-08-14 16:20:48 | INFO     |  - Found 259440 nodes (unique minimizers)
2026-08-14 16:20:48 | INFO     |  - Found 392624 weighted edges
2026-08-14 16:20:48 | INFO     |  - Finished in 0:00:00.555484
2026-08-14 16:20:48 | INFO     | Calculating penalty threshold...
2026-08-14 16:20:48 | INFO     |  - Generating MinHash sketches with Mash for 33 assemblies...
2026-08-14 16:20:49 | INFO     |  - Mash sketch file saved as /home/elif/msthesis/weeks/11th_week/6strain_ecoli/e/seqwin-out/sketches.msh
2026-08-14 16:20:49 | INFO     |  - Calculating Jaccard indices of assembly pairs...
2026-08-14 16:20:49 | INFO     |  - expected k-mer absence in targets: 0.16937
2026-08-14 16:20:49 | INFO     |  - expected k-mer presence in non-targets: 0.57427
2026-08-14 16:20:49 | INFO     |  - calculated penalty threshold: 0.15594
2026-08-14 16:20:49 | INFO     |  - Finished in 0:00:00.672076
2026-08-14 16:20:49 | INFO     | Extracting low-penalty subgraphs from the k-mer graph...
2026-08-14 16:20:49 | INFO     |  - Subgraph size limit is set to [3, 100]
2026-08-14 16:20:49 | INFO     |  - Filtering graph edges and nodes...
2026-08-14 16:20:49 | INFO     |  - Removed 188222 edges with weight<1.013, 204402 edges left
2026-08-14 16:20:49 | INFO     |  - Removed 107527 isolated nodes, 151913 nodes left
2026-08-14 16:20:49 | INFO     |  - Building graph...
2026-08-14 16:20:50 | INFO     |  - Expanding subgraphs from 2559 seed nodes (penalty<=0.15594)...
2026-08-14 16:20:50 | INFO     |  - Found 268 low-penalty subgraphs
2026-08-14 16:20:50 | INFO     |  - Removing k-mers not included in any of the subgraphs...
2026-08-14 16:20:50 | INFO     |  - 9550 k-mers left
2026-08-14 16:20:50 | INFO     |  - Finished in 0:00:00.523001
2026-08-14 16:20:50 | INFO     | Finding a representative for each low-penalty subgraph...
2026-08-14 16:20:50 | INFO     |  - Processing each subgraph...
2026-08-14 16:20:50 | INFO     |  - Found 201 candidate signatures
2026-08-14 16:20:50 | INFO     |  - Fetching the representative sequence for each candidate...
2026-08-14 16:20:50 | INFO     |  - 3 assemblies to be loaded
2026-08-14 16:20:50 | INFO     |  - Finished in 0:00:00.526625
2026-08-14 16:20:50 | INFO     | Evaluating candidate signatures with BLAST...
2026-08-14 16:20:50 | INFO     | Creating a BLAST database of all assemblies...
2026-08-14 16:20:51 | INFO     |  - BLAST database created: /home/elif/msthesis/weeks/11th_week/6strain_ecoli/e/seqwin-out/blastdb/all
2026-08-14 16:20:51 | INFO     |  - Finished in 0:00:00.993631
2026-08-14 16:20:51 | INFO     | BLAST checking signatures against all assemblies (more sensitive but slower)...
2026-08-14 16:20:51 | INFO     |  - Running blastn on 201 sequences, with batch size of 1000 (threads=4)...
2026-08-14 16:20:51 | INFO     |  - 0/201
2026-08-14 16:20:57 | INFO     |  - Formatting BLAST output...
2026-08-14 16:20:57 | INFO     |  - Evaluating each signature...
2026-08-14 16:20:57 | INFO     |  - Finished in 0:00:05.907738
2026-08-14 16:20:57 | INFO     | Candidate signatures saved as /home/elif/msthesis/weeks/11th_week/6strain_ecoli/e/seqwin-out/signatures.fasta
2026-08-14 16:20:57 | INFO     | Metrics of candidate signatures saved as /home/elif/msthesis/weeks/11th_week/6strain_ecoli/e/seqwin-out/signatures.csv
2026-08-14 16:20:58 | INFO     | Run instance (includes all run data) saved as /home/elif/msthesis/weeks/11th_week/6strain_ecoli/e/seqwin-out/results.seqwin
