2026-07-27 12:35:46 | WARNING  | File/directory already exists, content is overwritten (overwriting is turned on): /home/elif/msthesis/weeks/8th_week/nb_target_check/clo/pool_1000/seqwin-out
2026-07-27 12:35:46 | INFO     | Running Seqwin v0.4.1
2026-07-27 12:35:46 | INFO     | Run configurations saved as /home/elif/msthesis/weeks/8th_week/nb_target_check/clo/pool_1000/seqwin-out/config.json
2026-07-27 12:35:46 | INFO     | Found 830 assemblies from /home/elif/msthesis/weeks/8th_week/nb_target_check/clo/pool_1000/targets
2026-07-27 12:35:46 | INFO     | Found 168 assemblies from /home/elif/msthesis/weeks/8th_week/nb_target_check/clo/pool_1000/neighbors
2026-07-27 12:35:46 | INFO     | Loaded 830 target assemblies and 168 non-target assemblies, 998 in total.
2026-07-27 12:35:46 | INFO     | Assembly indices and paths saved as /home/elif/msthesis/weeks/8th_week/nb_target_check/clo/pool_1000/seqwin-out/assemblies.csv
2026-07-27 12:35:46 | INFO     | Building minimizer graph from 998 assemblies...
2026-07-27 12:35:56 | INFO     |  - Merging from 4 threads...
2026-07-27 12:35:57 | INFO     |  - Found 38701438 minimizers
2026-07-27 12:35:57 | INFO     |  - Found 1845670 nodes (unique minimizers)
2026-07-27 12:35:57 | INFO     |  - Found 2366755 weighted edges
2026-07-27 12:35:57 | INFO     |  - Finished in 0:00:10.876926
2026-07-27 12:35:57 | INFO     | Calculating penalty threshold...
2026-07-27 12:35:57 | INFO     |  - Generating MinHash sketches with Mash for 998 assemblies...
2026-07-27 12:36:09 | INFO     |  - Mash sketch file saved as /home/elif/msthesis/weeks/8th_week/nb_target_check/clo/pool_1000/seqwin-out/sketches.msh
2026-07-27 12:36:09 | INFO     |  - Calculating Jaccard indices of assembly pairs...
2026-07-27 12:36:10 | INFO     |  - expected k-mer absence in targets: 0.27146
2026-07-27 12:36:10 | INFO     |  - expected k-mer presence in non-targets: 0.00506
2026-07-27 12:36:10 | INFO     |  - calculated penalty threshold: 0.01853
2026-07-27 12:36:10 | INFO     |  - Finished in 0:00:13.226959
2026-07-27 12:36:10 | INFO     | Extracting low-penalty subgraphs from the k-mer graph...
2026-07-27 12:36:10 | INFO     |  - Subgraph size limit is set to [3, 100]
2026-07-27 12:36:10 | INFO     |  - Filtering graph edges and nodes...
2026-07-27 12:36:10 | INFO     |  - Removed 2325917 edges with weight<244.386, 40838 edges left
2026-07-27 12:36:10 | INFO     |  - Removed 1804996 isolated nodes, 40674 nodes left
2026-07-27 12:36:10 | INFO     |  - Building graph...
2026-07-27 12:36:10 | INFO     |  - Expanding subgraphs from 4165 seed nodes (penalty<=0.01853)...
2026-07-27 12:36:10 | INFO     |  - Found 464 low-penalty subgraphs
2026-07-27 12:36:10 | INFO     |  - Removing k-mers not included in any of the subgraphs...
2026-07-27 12:36:10 | INFO     |  - 1543422 k-mers left
2026-07-27 12:36:10 | INFO     |  - Finished in 0:00:00.112531
2026-07-27 12:36:10 | INFO     | Finding a representative for each low-penalty subgraph...
2026-07-27 12:36:10 | INFO     |  - Processing each subgraph...
2026-07-27 12:36:11 | INFO     |  - Found 364 candidate signatures
2026-07-27 12:36:11 | INFO     |  - Fetching the representative sequence for each candidate...
2026-07-27 12:36:11 | INFO     |  - 2 assemblies to be loaded
2026-07-27 12:36:11 | INFO     |  - Finished in 0:00:01.124869
2026-07-27 12:36:11 | INFO     | Evaluating candidate signatures with BLAST...
2026-07-27 12:36:11 | INFO     | Creating a BLAST database of all assemblies...
2026-07-27 12:36:34 | INFO     |  - BLAST database created: /home/elif/msthesis/weeks/8th_week/nb_target_check/clo/pool_1000/seqwin-out/blastdb/all
2026-07-27 12:36:34 | INFO     |  - Finished in 0:00:23.034409
2026-07-27 12:36:34 | INFO     | BLAST checking signatures against all assemblies (more sensitive but slower)...
2026-07-27 12:36:34 | INFO     |  - Running blastn on 364 sequences, with batch size of 1000 (threads=4)...
2026-07-27 12:36:34 | INFO     |  - 0/364
2026-07-27 12:40:50 | INFO     |  - Formatting BLAST output...
2026-07-27 12:40:51 | INFO     |  - Evaluating each signature...
2026-07-27 12:40:51 | INFO     |  - Finished in 0:04:17.053204
2026-07-27 12:40:51 | INFO     | Candidate signatures saved as /home/elif/msthesis/weeks/8th_week/nb_target_check/clo/pool_1000/seqwin-out/signatures.fasta
2026-07-27 12:40:51 | INFO     | Metrics of candidate signatures saved as /home/elif/msthesis/weeks/8th_week/nb_target_check/clo/pool_1000/seqwin-out/signatures.csv
2026-07-27 12:40:52 | INFO     | Run instance (includes all run data) saved as /home/elif/msthesis/weeks/8th_week/nb_target_check/clo/pool_1000/seqwin-out/results.seqwin
