2026-07-27 12:55:59 | WARNING  | File/directory already exists, content is overwritten (overwriting is turned on): /home/elif/msthesis/weeks/8th_week/nb_target_check/sen/pool_1000/seqwin-out
2026-07-27 12:55:59 | INFO     | Running Seqwin v0.4.1
2026-07-27 12:55:59 | INFO     | Run configurations saved as /home/elif/msthesis/weeks/8th_week/nb_target_check/sen/pool_1000/seqwin-out/config.json
2026-07-27 12:55:59 | INFO     | Found 979 assemblies from /home/elif/msthesis/weeks/8th_week/nb_target_check/sen/pool_1000/targets
2026-07-27 12:55:59 | INFO     | Found 21 assemblies from /home/elif/msthesis/weeks/8th_week/nb_target_check/sen/pool_1000/neighbors
2026-07-27 12:55:59 | INFO     | Loaded 979 target assemblies and 21 non-target assemblies, 1000 in total.
2026-07-27 12:55:59 | INFO     | Assembly indices and paths saved as /home/elif/msthesis/weeks/8th_week/nb_target_check/sen/pool_1000/seqwin-out/assemblies.csv
2026-07-27 12:55:59 | INFO     | Building minimizer graph from 1000 assemblies...
2026-07-27 12:56:11 | INFO     |  - Merging from 4 threads...
2026-07-27 12:56:12 | INFO     |  - Found 47958395 minimizers
2026-07-27 12:56:12 | INFO     |  - Found 660253 nodes (unique minimizers)
2026-07-27 12:56:12 | INFO     |  - Found 1054802 weighted edges
2026-07-27 12:56:12 | INFO     |  - Finished in 0:00:12.733410
2026-07-27 12:56:12 | INFO     | Calculating penalty threshold...
2026-07-27 12:56:12 | INFO     |  - Generating MinHash sketches with Mash for 1000 assemblies...
2026-07-27 12:56:26 | INFO     |  - Mash sketch file saved as /home/elif/msthesis/weeks/8th_week/nb_target_check/sen/pool_1000/seqwin-out/sketches.msh
2026-07-27 12:56:26 | INFO     |  - Calculating Jaccard indices of assembly pairs...
2026-07-27 12:56:28 | INFO     |  - expected k-mer absence in targets: 0.24879
2026-07-27 12:56:28 | INFO     |  - expected k-mer presence in non-targets: 0.32880
2026-07-27 12:56:28 | INFO     |  - calculated penalty threshold: 0.14300
2026-07-27 12:56:28 | INFO     |  - Finished in 0:00:15.960008
2026-07-27 12:56:28 | INFO     | Extracting low-penalty subgraphs from the k-mer graph...
2026-07-27 12:56:28 | INFO     |  - Subgraph size limit is set to [3, 100]
2026-07-27 12:56:28 | INFO     |  - Filtering graph edges and nodes...
2026-07-27 12:56:28 | INFO     |  - Removed 998656 edges with weight<251.699, 56146 edges left
2026-07-27 12:56:28 | INFO     |  - Removed 606481 isolated nodes, 53772 nodes left
2026-07-27 12:56:28 | INFO     |  - Building graph...
2026-07-27 12:56:28 | INFO     |  - Expanding subgraphs from 6907 seed nodes (penalty<=0.14300)...
2026-07-27 12:56:28 | INFO     |  - Found 813 low-penalty subgraphs
2026-07-27 12:56:28 | INFO     |  - Removing k-mers not included in any of the subgraphs...
2026-07-27 12:56:28 | INFO     |  - 3522300 k-mers left
2026-07-27 12:56:28 | INFO     |  - Finished in 0:00:00.168558
2026-07-27 12:56:28 | INFO     | Finding a representative for each low-penalty subgraph...
2026-07-27 12:56:28 | INFO     |  - Processing each subgraph...
2026-07-27 12:56:30 | INFO     |  - Found 640 candidate signatures
2026-07-27 12:56:30 | INFO     |  - Fetching the representative sequence for each candidate...
2026-07-27 12:56:30 | INFO     |  - 24 assemblies to be loaded
2026-07-27 12:56:30 | INFO     |  - Finished in 0:00:02.216934
2026-07-27 12:56:30 | INFO     | Evaluating candidate signatures with BLAST...
2026-07-27 12:56:30 | INFO     | Creating a BLAST database of all assemblies...
2026-07-27 12:56:54 | INFO     |  - BLAST database created: /home/elif/msthesis/weeks/8th_week/nb_target_check/sen/pool_1000/seqwin-out/blastdb/all
2026-07-27 12:56:54 | INFO     |  - Finished in 0:00:24.017364
2026-07-27 12:56:54 | INFO     | BLAST checking signatures against all assemblies (more sensitive but slower)...
2026-07-27 12:56:54 | INFO     |  - Running blastn on 640 sequences, with batch size of 1000 (threads=4)...
2026-07-27 12:56:54 | INFO     |  - 0/640
2026-07-27 13:00:12 | INFO     |  - Formatting BLAST output...
2026-07-27 13:00:13 | INFO     |  - Evaluating each signature...
2026-07-27 13:00:14 | INFO     |  - Finished in 0:03:19.903768
2026-07-27 13:00:14 | INFO     | Candidate signatures saved as /home/elif/msthesis/weeks/8th_week/nb_target_check/sen/pool_1000/seqwin-out/signatures.fasta
2026-07-27 13:00:14 | INFO     | Metrics of candidate signatures saved as /home/elif/msthesis/weeks/8th_week/nb_target_check/sen/pool_1000/seqwin-out/signatures.csv
2026-07-27 13:00:15 | INFO     | Run instance (includes all run data) saved as /home/elif/msthesis/weeks/8th_week/nb_target_check/sen/pool_1000/seqwin-out/results.seqwin
