2026-07-27 12:50:37 | WARNING  | File/directory already exists, content is overwritten (overwriting is turned on): /home/elif/msthesis/weeks/8th_week/nb_target_check/mtb/pool_1000/seqwin-out
2026-07-27 12:50:37 | INFO     | Running Seqwin v0.4.1
2026-07-27 12:50:37 | INFO     | Run configurations saved as /home/elif/msthesis/weeks/8th_week/nb_target_check/mtb/pool_1000/seqwin-out/config.json
2026-07-27 12:50:37 | INFO     | Found 922 assemblies from /home/elif/msthesis/weeks/8th_week/nb_target_check/mtb/pool_1000/targets
2026-07-27 12:50:37 | INFO     | Found 77 assemblies from /home/elif/msthesis/weeks/8th_week/nb_target_check/mtb/pool_1000/neighbors
2026-07-27 12:50:37 | INFO     | Loaded 922 target assemblies and 77 non-target assemblies, 999 in total.
2026-07-27 12:50:37 | INFO     | Assembly indices and paths saved as /home/elif/msthesis/weeks/8th_week/nb_target_check/mtb/pool_1000/seqwin-out/assemblies.csv
2026-07-27 12:50:37 | INFO     | Building minimizer graph from 999 assemblies...
2026-07-27 12:50:48 | INFO     |  - Merging from 4 threads...
2026-07-27 12:50:49 | INFO     |  - Found 44079742 minimizers
2026-07-27 12:50:49 | INFO     |  - Found 709446 nodes (unique minimizers)
2026-07-27 12:50:49 | INFO     |  - Found 965403 weighted edges
2026-07-27 12:50:49 | INFO     |  - Finished in 0:00:11.904014
2026-07-27 12:50:49 | INFO     | Calculating penalty threshold...
2026-07-27 12:50:49 | INFO     |  - Generating MinHash sketches with Mash for 999 assemblies...
2026-07-27 12:51:02 | INFO     |  - Mash sketch file saved as /home/elif/msthesis/weeks/8th_week/nb_target_check/mtb/pool_1000/seqwin-out/sketches.msh
2026-07-27 12:51:02 | INFO     |  - Calculating Jaccard indices of assembly pairs...
2026-07-27 12:51:03 | INFO     |  - expected k-mer absence in targets: 0.01653
2026-07-27 12:51:03 | INFO     |  - expected k-mer presence in non-targets: 0.06630
2026-07-27 12:51:03 | INFO     |  - calculated penalty threshold: 0.01655
2026-07-27 12:51:03 | INFO     |  - Finished in 0:00:14.453214
2026-07-27 12:51:03 | INFO     | Extracting low-penalty subgraphs from the k-mer graph...
2026-07-27 12:51:03 | INFO     |  - Subgraph size limit is set to [3, 100]
2026-07-27 12:51:03 | INFO     |  - Filtering graph edges and nodes...
2026-07-27 12:51:03 | INFO     |  - Removed 921530 edges with weight<272.021, 43873 edges left
2026-07-27 12:51:03 | INFO     |  - Removed 665928 isolated nodes, 43518 nodes left
2026-07-27 12:51:03 | INFO     |  - Building graph...
2026-07-27 12:51:03 | INFO     |  - Expanding subgraphs from 2588 seed nodes (penalty<=0.01655)...
2026-07-27 12:51:03 | INFO     |  - Found 195 low-penalty subgraphs
2026-07-27 12:51:03 | INFO     |  - Removing k-mers not included in any of the subgraphs...
2026-07-27 12:51:03 | INFO     |  - 1085834 k-mers left
2026-07-27 12:51:03 | INFO     |  - Finished in 0:00:00.113096
2026-07-27 12:51:03 | INFO     | Finding a representative for each low-penalty subgraph...
2026-07-27 12:51:03 | INFO     |  - Processing each subgraph...
2026-07-27 12:51:04 | INFO     |  - Found 150 candidate signatures
2026-07-27 12:51:04 | INFO     |  - Fetching the representative sequence for each candidate...
2026-07-27 12:51:04 | INFO     |  - 4 assemblies to be loaded
2026-07-27 12:51:04 | INFO     |  - Finished in 0:00:00.624838
2026-07-27 12:51:04 | INFO     | Evaluating candidate signatures with BLAST...
2026-07-27 12:51:04 | INFO     | Creating a BLAST database of all assemblies...
2026-07-27 12:51:25 | INFO     |  - BLAST database created: /home/elif/msthesis/weeks/8th_week/nb_target_check/mtb/pool_1000/seqwin-out/blastdb/all
2026-07-27 12:51:25 | INFO     |  - Finished in 0:00:20.924739
2026-07-27 12:51:25 | INFO     | BLAST checking signatures against all assemblies (more sensitive but slower)...
2026-07-27 12:51:25 | INFO     |  - Running blastn on 150 sequences, with batch size of 1000 (threads=4)...
2026-07-27 12:51:25 | INFO     |  - 0/150
2026-07-27 12:54:42 | INFO     |  - Formatting BLAST output...
2026-07-27 12:54:43 | INFO     |  - Evaluating each signature...
2026-07-27 12:54:43 | INFO     |  - Finished in 0:03:17.838182
2026-07-27 12:54:43 | INFO     | Candidate signatures saved as /home/elif/msthesis/weeks/8th_week/nb_target_check/mtb/pool_1000/seqwin-out/signatures.fasta
2026-07-27 12:54:43 | INFO     | Metrics of candidate signatures saved as /home/elif/msthesis/weeks/8th_week/nb_target_check/mtb/pool_1000/seqwin-out/signatures.csv
2026-07-27 12:54:43 | INFO     | Run instance (includes all run data) saved as /home/elif/msthesis/weeks/8th_week/nb_target_check/mtb/pool_1000/seqwin-out/results.seqwin
