2026-07-27 12:41:14 | WARNING  | File/directory already exists, content is overwritten (overwriting is turned on): /home/elif/msthesis/weeks/8th_week/nb_target_check/mtb/pool_100/seqwin-out
2026-07-27 12:41:14 | INFO     | Running Seqwin v0.4.1
2026-07-27 12:41:14 | INFO     | Run configurations saved as /home/elif/msthesis/weeks/8th_week/nb_target_check/mtb/pool_100/seqwin-out/config.json
2026-07-27 12:41:14 | INFO     | Found 80 assemblies from /home/elif/msthesis/weeks/8th_week/nb_target_check/mtb/pool_100/targets
2026-07-27 12:41:14 | INFO     | Found 20 assemblies from /home/elif/msthesis/weeks/8th_week/nb_target_check/mtb/pool_100/neighbors
2026-07-27 12:41:14 | INFO     | Loaded 80 target assemblies and 20 non-target assemblies, 100 in total.
2026-07-27 12:41:15 | INFO     | Assembly indices and paths saved as /home/elif/msthesis/weeks/8th_week/nb_target_check/mtb/pool_100/seqwin-out/assemblies.csv
2026-07-27 12:41:15 | INFO     | Building minimizer graph from 100 assemblies...
2026-07-27 12:41:16 | INFO     |  - Merging from 4 threads...
2026-07-27 12:41:16 | INFO     |  - Found 4506620 minimizers
2026-07-27 12:41:16 | INFO     |  - Found 398493 nodes (unique minimizers)
2026-07-27 12:41:16 | INFO     |  - Found 491859 weighted edges
2026-07-27 12:41:16 | INFO     |  - Finished in 0:00:01.502063
2026-07-27 12:41:16 | INFO     | Calculating penalty threshold...
2026-07-27 12:41:16 | INFO     |  - Generating MinHash sketches with Mash for 100 assemblies...
2026-07-27 12:41:17 | INFO     |  - Mash sketch file saved as /home/elif/msthesis/weeks/8th_week/nb_target_check/mtb/pool_100/seqwin-out/sketches.msh
2026-07-27 12:41:17 | INFO     |  - Calculating Jaccard indices of assembly pairs...
2026-07-27 12:41:18 | INFO     |  - expected k-mer absence in targets: 0.01768
2026-07-27 12:41:18 | INFO     |  - expected k-mer presence in non-targets: 0.02347
2026-07-27 12:41:18 | INFO     |  - calculated penalty threshold: 0.01019
2026-07-27 12:41:18 | INFO     |  - Finished in 0:00:01.528695
2026-07-27 12:41:18 | INFO     | Extracting low-penalty subgraphs from the k-mer graph...
2026-07-27 12:41:18 | INFO     |  - Subgraph size limit is set to [3, 100]
2026-07-27 12:41:18 | INFO     |  - Filtering graph edges and nodes...
2026-07-27 12:41:18 | INFO     |  - Removed 448067 edges with weight<23.756, 43792 edges left
2026-07-27 12:41:18 | INFO     |  - Removed 355035 isolated nodes, 43458 nodes left
2026-07-27 12:41:18 | INFO     |  - Building graph...
2026-07-27 12:41:18 | INFO     |  - Expanding subgraphs from 23604 seed nodes (penalty<=0.01019)...
2026-07-27 12:41:18 | INFO     |  - Found 1733 low-penalty subgraphs
2026-07-27 12:41:18 | INFO     |  - Removing k-mers not included in any of the subgraphs...
2026-07-27 12:41:18 | INFO     |  - 2840064 k-mers left
2026-07-27 12:41:18 | INFO     |  - Finished in 0:00:00.172590
2026-07-27 12:41:18 | INFO     | Finding a representative for each low-penalty subgraph...
2026-07-27 12:41:18 | INFO     |  - Processing each subgraph...
2026-07-27 12:41:22 | INFO     |  - Found 1674 candidate signatures
2026-07-27 12:41:22 | INFO     |  - Fetching the representative sequence for each candidate...
2026-07-27 12:41:22 | INFO     |  - 4 assemblies to be loaded
2026-07-27 12:41:22 | INFO     |  - Finished in 0:00:04.511822
2026-07-27 12:41:22 | INFO     | Evaluating candidate signatures with BLAST...
2026-07-27 12:41:22 | INFO     | Creating a BLAST database of all assemblies...
2026-07-27 12:41:25 | INFO     |  - BLAST database created: /home/elif/msthesis/weeks/8th_week/nb_target_check/mtb/pool_100/seqwin-out/blastdb/all
2026-07-27 12:41:25 | INFO     |  - Finished in 0:00:02.309700
2026-07-27 12:41:25 | INFO     | BLAST checking signatures against all assemblies (more sensitive but slower)...
2026-07-27 12:41:25 | INFO     |  - Running blastn on 1674 sequences, with batch size of 1000 (threads=4)...
2026-07-27 12:41:25 | INFO     |  - 0/1674
2026-07-27 12:46:20 | INFO     |  - 1000/1674
2026-07-27 12:49:59 | INFO     |  - Formatting BLAST output...
2026-07-27 12:50:01 | INFO     |  - Evaluating each signature...
2026-07-27 12:50:01 | INFO     |  - Finished in 0:08:36.812527
2026-07-27 12:50:01 | INFO     | Candidate signatures saved as /home/elif/msthesis/weeks/8th_week/nb_target_check/mtb/pool_100/seqwin-out/signatures.fasta
2026-07-27 12:50:01 | INFO     | Metrics of candidate signatures saved as /home/elif/msthesis/weeks/8th_week/nb_target_check/mtb/pool_100/seqwin-out/signatures.csv
2026-07-27 12:50:02 | INFO     | Run instance (includes all run data) saved as /home/elif/msthesis/weeks/8th_week/nb_target_check/mtb/pool_100/seqwin-out/results.seqwin
