2026-08-14 16:19:25 | WARNING  | File/directory already exists, content is overwritten (overwriting is turned on): /home/elif/msthesis/weeks/11th_week/6strain_ecoli/a/seqwin-out
2026-08-14 16:19:25 | INFO     | Running Seqwin v0.4.1
2026-08-14 16:19:25 | INFO     | Run configurations saved as /home/elif/msthesis/weeks/11th_week/6strain_ecoli/a/seqwin-out/config.json
2026-08-14 16:19:25 | INFO     | Found 6 assemblies from /home/elif/msthesis/weeks/11th_week/6strain_ecoli/a/targets
2026-08-14 16:19:25 | INFO     | Found 27 assemblies from /home/elif/msthesis/weeks/11th_week/6strain_ecoli/a/neighbors
2026-08-14 16:19:25 | INFO     | Loaded 6 target assemblies and 27 non-target assemblies, 33 in total.
2026-08-14 16:19:25 | INFO     | Assembly indices and paths saved as /home/elif/msthesis/weeks/11th_week/6strain_ecoli/a/seqwin-out/assemblies.csv
2026-08-14 16:19:25 | INFO     | Building minimizer graph from 33 assemblies...
2026-08-14 16:19:25 | INFO     |  - Merging from 4 threads...
2026-08-14 16:19:25 | INFO     |  - Found 1699170 minimizers
2026-08-14 16:19:25 | INFO     |  - Found 259440 nodes (unique minimizers)
2026-08-14 16:19:25 | INFO     |  - Found 392624 weighted edges
2026-08-14 16:19:25 | INFO     |  - Finished in 0:00:00.537395
2026-08-14 16:19:25 | INFO     | Calculating penalty threshold...
2026-08-14 16:19:25 | INFO     |  - Generating MinHash sketches with Mash for 33 assemblies...
2026-08-14 16:19:26 | INFO     |  - Mash sketch file saved as /home/elif/msthesis/weeks/11th_week/6strain_ecoli/a/seqwin-out/sketches.msh
2026-08-14 16:19:26 | INFO     |  - Calculating Jaccard indices of assembly pairs...
2026-08-14 16:19:26 | INFO     |  - expected k-mer absence in targets: 0.17000
2026-08-14 16:19:26 | INFO     |  - expected k-mer presence in non-targets: 0.62906
2026-08-14 16:19:26 | INFO     |  - calculated penalty threshold: 0.16351
2026-08-14 16:19:26 | INFO     |  - Finished in 0:00:00.663666
2026-08-14 16:19:26 | INFO     | Extracting low-penalty subgraphs from the k-mer graph...
2026-08-14 16:19:26 | INFO     |  - Subgraph size limit is set to [3, 100]
2026-08-14 16:19:26 | INFO     |  - Filtering graph edges and nodes...
2026-08-14 16:19:26 | INFO     |  - Removed 188222 edges with weight<1.506, 204402 edges left
2026-08-14 16:19:26 | INFO     |  - Removed 107527 isolated nodes, 151913 nodes left
2026-08-14 16:19:26 | INFO     |  - Building graph...
2026-08-14 16:19:26 | INFO     |  - Expanding subgraphs from 1196 seed nodes (penalty<=0.16351)...
2026-08-14 16:19:26 | INFO     |  - Found 134 low-penalty subgraphs
2026-08-14 16:19:26 | INFO     |  - Removing k-mers not included in any of the subgraphs...
2026-08-14 16:19:26 | INFO     |  - 7201 k-mers left
2026-08-14 16:19:26 | INFO     |  - Finished in 0:00:00.518462
2026-08-14 16:19:26 | INFO     | Finding a representative for each low-penalty subgraph...
2026-08-14 16:19:26 | INFO     |  - Processing each subgraph...
2026-08-14 16:19:27 | INFO     |  - Found 98 candidate signatures
2026-08-14 16:19:27 | INFO     |  - Fetching the representative sequence for each candidate...
2026-08-14 16:19:27 | INFO     |  - 5 assemblies to be loaded
2026-08-14 16:19:27 | INFO     |  - Finished in 0:00:00.315209
2026-08-14 16:19:27 | INFO     | Evaluating candidate signatures with BLAST...
2026-08-14 16:19:27 | INFO     | Creating a BLAST database of all assemblies...
2026-08-14 16:19:28 | INFO     |  - BLAST database created: /home/elif/msthesis/weeks/11th_week/6strain_ecoli/a/seqwin-out/blastdb/all
2026-08-14 16:19:28 | INFO     |  - Finished in 0:00:01.042654
2026-08-14 16:19:28 | INFO     | BLAST checking signatures against all assemblies (more sensitive but slower)...
2026-08-14 16:19:28 | INFO     |  - Running blastn on 98 sequences, with batch size of 1000 (threads=4)...
2026-08-14 16:19:28 | INFO     |  - 0/98
2026-08-14 16:19:32 | INFO     |  - Formatting BLAST output...
2026-08-14 16:19:32 | INFO     |  - Evaluating each signature...
2026-08-14 16:19:32 | INFO     |  - Finished in 0:00:04.413867
2026-08-14 16:19:32 | INFO     | Candidate signatures saved as /home/elif/msthesis/weeks/11th_week/6strain_ecoli/a/seqwin-out/signatures.fasta
2026-08-14 16:19:32 | INFO     | Metrics of candidate signatures saved as /home/elif/msthesis/weeks/11th_week/6strain_ecoli/a/seqwin-out/signatures.csv
2026-08-14 16:19:33 | INFO     | Run instance (includes all run data) saved as /home/elif/msthesis/weeks/11th_week/6strain_ecoli/a/seqwin-out/results.seqwin
