2026-08-14 16:11:23 | INFO     | Running Seqwin v0.4.1
2026-08-14 16:11:23 | INFO     | Run configurations saved as /home/elif/msthesis/weeks/11th_week/6strain_ecoli/b1/seqwin-out/config.json
2026-08-14 16:11:23 | INFO     | Found 14 assemblies from /home/elif/msthesis/weeks/11th_week/6strain_ecoli/b1/targets
2026-08-14 16:11:23 | INFO     | Found 19 assemblies from /home/elif/msthesis/weeks/11th_week/6strain_ecoli/b1/neighbors
2026-08-14 16:11:23 | INFO     | Loaded 14 target assemblies and 19 non-target assemblies, 33 in total.
2026-08-14 16:11:23 | INFO     | Assembly indices and paths saved as /home/elif/msthesis/weeks/11th_week/6strain_ecoli/b1/seqwin-out/assemblies.csv
2026-08-14 16:11:23 | INFO     | Building minimizer graph from 33 assemblies...
2026-08-14 16:11:24 | INFO     |  - Merging from 4 threads...
2026-08-14 16:11:24 | INFO     |  - Found 1699170 minimizers
2026-08-14 16:11:24 | INFO     |  - Found 259440 nodes (unique minimizers)
2026-08-14 16:11:24 | INFO     |  - Found 392624 weighted edges
2026-08-14 16:11:24 | INFO     |  - Finished in 0:00:00.538664
2026-08-14 16:11:24 | INFO     | Calculating penalty threshold...
2026-08-14 16:11:24 | INFO     |  - Generating MinHash sketches with Mash for 33 assemblies...
2026-08-14 16:11:24 | INFO     |  - Mash sketch file saved as /home/elif/msthesis/weeks/11th_week/6strain_ecoli/b1/seqwin-out/sketches.msh
2026-08-14 16:11:24 | INFO     |  - Calculating Jaccard indices of assembly pairs...
2026-08-14 16:11:24 | INFO     |  - expected k-mer absence in targets: 0.24605
2026-08-14 16:11:24 | INFO     |  - expected k-mer presence in non-targets: 0.58712
2026-08-14 16:11:24 | INFO     |  - calculated penalty threshold: 0.19004
2026-08-14 16:11:24 | INFO     |  - Finished in 0:00:00.657043
2026-08-14 16:11:24 | INFO     | Extracting low-penalty subgraphs from the k-mer graph...
2026-08-14 16:11:24 | INFO     |  - Subgraph size limit is set to [3, 100]
2026-08-14 16:11:24 | INFO     |  - Filtering graph edges and nodes...
2026-08-14 16:11:24 | INFO     |  - Removed 281869 edges with weight<3.402, 110755 edges left
2026-08-14 16:11:24 | INFO     |  - Removed 166220 isolated nodes, 93220 nodes left
2026-08-14 16:11:24 | INFO     |  - Building graph...
2026-08-14 16:11:25 | INFO     |  - Expanding subgraphs from 1301 seed nodes (penalty<=0.19004)...
2026-08-14 16:11:25 | INFO     |  - Found 126 low-penalty subgraphs
2026-08-14 16:11:25 | INFO     |  - Removing k-mers not included in any of the subgraphs...
2026-08-14 16:11:25 | INFO     |  - 11108 k-mers left
2026-08-14 16:11:25 | INFO     |  - Finished in 0:00:00.309340
2026-08-14 16:11:25 | INFO     | Finding a representative for each low-penalty subgraph...
2026-08-14 16:11:25 | INFO     |  - Processing each subgraph...
2026-08-14 16:11:25 | INFO     |  - Found 98 candidate signatures
2026-08-14 16:11:25 | INFO     |  - Fetching the representative sequence for each candidate...
2026-08-14 16:11:25 | INFO     |  - 3 assemblies to be loaded
2026-08-14 16:11:25 | INFO     |  - Finished in 0:00:00.284554
2026-08-14 16:11:25 | INFO     | Evaluating candidate signatures with BLAST...
2026-08-14 16:11:25 | INFO     | Creating a BLAST database of all assemblies...
2026-08-14 16:11:26 | INFO     |  - BLAST database created: /home/elif/msthesis/weeks/11th_week/6strain_ecoli/b1/seqwin-out/blastdb/all
2026-08-14 16:11:26 | INFO     |  - Finished in 0:00:01.012187
2026-08-14 16:11:26 | INFO     | BLAST checking signatures against all assemblies (more sensitive but slower)...
2026-08-14 16:11:26 | INFO     |  - Running blastn on 98 sequences, with batch size of 1000 (threads=4)...
2026-08-14 16:11:26 | INFO     |  - 0/98
2026-08-14 16:11:27 | INFO     |  - Formatting BLAST output...
2026-08-14 16:11:27 | INFO     |  - Evaluating each signature...
2026-08-14 16:11:27 | INFO     |  - Finished in 0:00:01.073129
2026-08-14 16:11:27 | INFO     | Candidate signatures saved as /home/elif/msthesis/weeks/11th_week/6strain_ecoli/b1/seqwin-out/signatures.fasta
2026-08-14 16:11:27 | INFO     | Metrics of candidate signatures saved as /home/elif/msthesis/weeks/11th_week/6strain_ecoli/b1/seqwin-out/signatures.csv
2026-08-14 16:11:28 | INFO     | Run instance (includes all run data) saved as /home/elif/msthesis/weeks/11th_week/6strain_ecoli/b1/seqwin-out/results.seqwin
2026-08-14 16:19:39 | INFO     | Running Seqwin v0.4.1
2026-08-14 16:19:39 | INFO     | Run configurations saved as /home/elif/msthesis/weeks/11th_week/6strain_ecoli/b1/seqwin-out/config.json
2026-08-14 16:19:39 | INFO     | Found 14 assemblies from /home/elif/msthesis/weeks/11th_week/6strain_ecoli/b1/targets
2026-08-14 16:19:39 | INFO     | Found 19 assemblies from /home/elif/msthesis/weeks/11th_week/6strain_ecoli/b1/neighbors
2026-08-14 16:19:39 | INFO     | Loaded 14 target assemblies and 19 non-target assemblies, 33 in total.
2026-08-14 16:19:39 | INFO     | Assembly indices and paths saved as /home/elif/msthesis/weeks/11th_week/6strain_ecoli/b1/seqwin-out/assemblies.csv
2026-08-14 16:19:39 | INFO     | Building minimizer graph from 33 assemblies...
2026-08-14 16:19:40 | INFO     |  - Merging from 4 threads...
2026-08-14 16:19:40 | INFO     |  - Found 1699170 minimizers
2026-08-14 16:19:40 | INFO     |  - Found 259440 nodes (unique minimizers)
2026-08-14 16:19:40 | INFO     |  - Found 392624 weighted edges
2026-08-14 16:19:40 | INFO     |  - Finished in 0:00:00.535816
2026-08-14 16:19:40 | INFO     | Calculating penalty threshold...
2026-08-14 16:19:40 | INFO     |  - Generating MinHash sketches with Mash for 33 assemblies...
2026-08-14 16:19:41 | INFO     |  - Mash sketch file saved as /home/elif/msthesis/weeks/11th_week/6strain_ecoli/b1/seqwin-out/sketches.msh
2026-08-14 16:19:41 | INFO     |  - Calculating Jaccard indices of assembly pairs...
2026-08-14 16:19:41 | INFO     |  - expected k-mer absence in targets: 0.24605
2026-08-14 16:19:41 | INFO     |  - expected k-mer presence in non-targets: 0.58712
2026-08-14 16:19:41 | INFO     |  - calculated penalty threshold: 0.19004
2026-08-14 16:19:41 | INFO     |  - Finished in 0:00:00.667516
2026-08-14 16:19:41 | INFO     | Extracting low-penalty subgraphs from the k-mer graph...
2026-08-14 16:19:41 | INFO     |  - Subgraph size limit is set to [3, 100]
2026-08-14 16:19:41 | INFO     |  - Filtering graph edges and nodes...
2026-08-14 16:19:41 | INFO     |  - Removed 281869 edges with weight<3.402, 110755 edges left
2026-08-14 16:19:41 | INFO     |  - Removed 166220 isolated nodes, 93220 nodes left
2026-08-14 16:19:41 | INFO     |  - Building graph...
2026-08-14 16:19:41 | INFO     |  - Expanding subgraphs from 1301 seed nodes (penalty<=0.19004)...
2026-08-14 16:19:41 | INFO     |  - Found 126 low-penalty subgraphs
2026-08-14 16:19:41 | INFO     |  - Removing k-mers not included in any of the subgraphs...
2026-08-14 16:19:41 | INFO     |  - 11108 k-mers left
2026-08-14 16:19:41 | INFO     |  - Finished in 0:00:00.303469
2026-08-14 16:19:41 | INFO     | Finding a representative for each low-penalty subgraph...
2026-08-14 16:19:41 | INFO     |  - Processing each subgraph...
2026-08-14 16:19:41 | INFO     |  - Found 98 candidate signatures
2026-08-14 16:19:41 | INFO     |  - Fetching the representative sequence for each candidate...
2026-08-14 16:19:41 | INFO     |  - 3 assemblies to be loaded
2026-08-14 16:19:41 | INFO     |  - Finished in 0:00:00.281025
2026-08-14 16:19:41 | INFO     | Evaluating candidate signatures with BLAST...
2026-08-14 16:19:41 | INFO     | Creating a BLAST database of all assemblies...
2026-08-14 16:19:42 | INFO     |  - BLAST database created: /home/elif/msthesis/weeks/11th_week/6strain_ecoli/b1/seqwin-out/blastdb/all
2026-08-14 16:19:42 | INFO     |  - Finished in 0:00:01.004045
2026-08-14 16:19:42 | INFO     | BLAST checking signatures against all assemblies (more sensitive but slower)...
2026-08-14 16:19:42 | INFO     |  - Running blastn on 98 sequences, with batch size of 1000 (threads=4)...
2026-08-14 16:19:42 | INFO     |  - 0/98
2026-08-14 16:19:43 | INFO     |  - Formatting BLAST output...
2026-08-14 16:19:43 | INFO     |  - Evaluating each signature...
2026-08-14 16:19:43 | INFO     |  - Finished in 0:00:01.079129
2026-08-14 16:19:43 | INFO     | Candidate signatures saved as /home/elif/msthesis/weeks/11th_week/6strain_ecoli/b1/seqwin-out/signatures.fasta
2026-08-14 16:19:43 | INFO     | Metrics of candidate signatures saved as /home/elif/msthesis/weeks/11th_week/6strain_ecoli/b1/seqwin-out/signatures.csv
2026-08-14 16:19:44 | INFO     | Run instance (includes all run data) saved as /home/elif/msthesis/weeks/11th_week/6strain_ecoli/b1/seqwin-out/results.seqwin
