2026-08-14 16:21:08 | WARNING  | File/directory already exists, content is overwritten (overwriting is turned on): /home/elif/msthesis/weeks/11th_week/6strain_ecoli/f/seqwin-out
2026-08-14 16:21:08 | INFO     | Running Seqwin v0.4.1
2026-08-14 16:21:08 | INFO     | Run configurations saved as /home/elif/msthesis/weeks/11th_week/6strain_ecoli/f/seqwin-out/config.json
2026-08-14 16:21:08 | INFO     | Found 2 assemblies from /home/elif/msthesis/weeks/11th_week/6strain_ecoli/f/targets
2026-08-14 16:21:08 | INFO     | Found 31 assemblies from /home/elif/msthesis/weeks/11th_week/6strain_ecoli/f/neighbors
2026-08-14 16:21:08 | INFO     | Loaded 2 target assemblies and 31 non-target assemblies, 33 in total.
2026-08-14 16:21:08 | INFO     | Assembly indices and paths saved as /home/elif/msthesis/weeks/11th_week/6strain_ecoli/f/seqwin-out/assemblies.csv
2026-08-14 16:21:08 | INFO     | Building minimizer graph from 33 assemblies...
2026-08-14 16:21:09 | INFO     |  - Merging from 4 threads...
2026-08-14 16:21:09 | INFO     |  - Found 1699170 minimizers
2026-08-14 16:21:09 | INFO     |  - Found 259440 nodes (unique minimizers)
2026-08-14 16:21:09 | INFO     |  - Found 392624 weighted edges
2026-08-14 16:21:09 | INFO     |  - Finished in 0:00:00.563246
2026-08-14 16:21:09 | INFO     | Calculating penalty threshold...
2026-08-14 16:21:09 | INFO     |  - Generating MinHash sketches with Mash for 33 assemblies...
2026-08-14 16:21:09 | INFO     |  - Mash sketch file saved as /home/elif/msthesis/weeks/11th_week/6strain_ecoli/f/seqwin-out/sketches.msh
2026-08-14 16:21:09 | INFO     |  - Calculating Jaccard indices of assembly pairs...
2026-08-14 16:21:09 | INFO     |  - expected k-mer absence in targets: 0.14893
2026-08-14 16:21:09 | INFO     |  - expected k-mer presence in non-targets: 0.54819
2026-08-14 16:21:09 | INFO     |  - calculated penalty threshold: 0.14286
2026-08-14 16:21:09 | INFO     |  - Finished in 0:00:00.676222
2026-08-14 16:21:09 | INFO     | Extracting low-penalty subgraphs from the k-mer graph...
2026-08-14 16:21:09 | INFO     |  - Subgraph size limit is set to [3, 100]
2026-08-14 16:21:09 | INFO     |  - Filtering graph edges and nodes...
2026-08-14 16:21:09 | INFO     |  - Removed 0 edges with weight<0.514, 392624 edges left
2026-08-14 16:21:09 | INFO     |  - Removed 3 isolated nodes, 259437 nodes left
2026-08-14 16:21:09 | INFO     |  - Building graph...
2026-08-14 16:21:10 | INFO     |  - Expanding subgraphs from 6049 seed nodes (penalty<=0.14286)...
2026-08-14 16:21:10 | INFO     |  - Found 594 low-penalty subgraphs
2026-08-14 16:21:10 | INFO     |  - Removing k-mers not included in any of the subgraphs...
2026-08-14 16:21:10 | INFO     |  - 17993 k-mers left
2026-08-14 16:21:10 | INFO     |  - Finished in 0:00:01.083095
2026-08-14 16:21:10 | INFO     | Finding a representative for each low-penalty subgraph...
2026-08-14 16:21:10 | INFO     |  - Processing each subgraph...
2026-08-14 16:21:11 | INFO     |  - Found 475 candidate signatures
2026-08-14 16:21:11 | INFO     |  - Fetching the representative sequence for each candidate...
2026-08-14 16:21:11 | INFO     |  - 2 assemblies to be loaded
2026-08-14 16:21:11 | INFO     |  - Finished in 0:00:01.054906
2026-08-14 16:21:11 | INFO     | Evaluating candidate signatures with BLAST...
2026-08-14 16:21:11 | INFO     | Creating a BLAST database of all assemblies...
2026-08-14 16:21:12 | INFO     |  - BLAST database created: /home/elif/msthesis/weeks/11th_week/6strain_ecoli/f/seqwin-out/blastdb/all
2026-08-14 16:21:12 | INFO     |  - Finished in 0:00:01.019080
2026-08-14 16:21:12 | INFO     | BLAST checking signatures against all assemblies (more sensitive but slower)...
2026-08-14 16:21:12 | INFO     |  - Running blastn on 475 sequences, with batch size of 1000 (threads=4)...
2026-08-14 16:21:12 | INFO     |  - 0/475
2026-08-14 16:21:23 | INFO     |  - Formatting BLAST output...
2026-08-14 16:21:23 | INFO     |  - Evaluating each signature...
2026-08-14 16:21:23 | INFO     |  - Finished in 0:00:10.791691
2026-08-14 16:21:23 | INFO     | Candidate signatures saved as /home/elif/msthesis/weeks/11th_week/6strain_ecoli/f/seqwin-out/signatures.fasta
2026-08-14 16:21:23 | INFO     | Metrics of candidate signatures saved as /home/elif/msthesis/weeks/11th_week/6strain_ecoli/f/seqwin-out/signatures.csv
2026-08-14 16:21:25 | INFO     | Run instance (includes all run data) saved as /home/elif/msthesis/weeks/11th_week/6strain_ecoli/f/seqwin-out/results.seqwin
